================================================================
== Design Size Report
================================================================

* C-Synthesis has not completed!

* Total Instructions per Compilation Phase
+---------------+--------------------+---------------+----------------------------------------------------------------------------------+
| Phase         | Step               | Instructions  | Description                                                                      |
+---------------+--------------------+---------------+----------------------------------------------------------------------------------+
| Compile/Link  |                    |     261,199 * | After all functions are compiled and linked into a single design                 |
|               |                    |               |                                                                                  |
| Unroll/Inline |                    |               | After user unroll and inline pragmas are applied                                 |
|               | (1) unroll         | 356,317,917 * | user unroll pragmas are applied                                                  |
|               | (2) simplification | 117,591,457 * | simplification of applied user unroll pragmas                                    |
|               | (3) inline         | 114,400,589 * | user inline pragmas are applied                                                  |
|               | (4) simplification |  52,681,353 * | simplification of applied user inline pragmas                                    |
|               |                    |               |                                                                                  |
| Array/Struct  |                    | pending       | After user array partition and struct aggregate/disaggregate pragmas are applied |
| Performance   |                    |               | After transformations are applied to meet performance pragma targets             |
| HW Transforms |                    |               | After hardware transfomations                                                    |
+---------------+--------------------+---------------+----------------------------------------------------------------------------------+
    * - Exceeded design size warning message threshold

* Instructions per Function for each Compilation Phase
+--------------------------------------+--------------------------+-------------------+--------------------------+
| Function                             | Location                 | Compile/Link      | Unroll/Inline            |
+--------------------------------------+--------------------------+-------------------+--------------------------+
| + dti_core_ovr                       | dti_core_ovr.cpp:22      | 261,199 *         | 52,681,353 *             |
|  + propagation_step                  | step_propagators.cpp:251 | 261,097           | 52,681,279               |
|   + adi_x                            | step_propagators.cpp:96  | 74,384            | 26,339,703               |
|      real                            | hls_x_complex.h:64       |      4 (2 calls)  |                          |
|      imag                            | hls_x_complex.h:69       |      4 (2 calls)  |                          |
|      x_complex                       | hls_x_complex.h:48       |     56 (8 calls)  |                          |
|    + operator-                       | hls_x_complex.h:257      |  1,028 (4 calls)  |    9,216 (1024 calls)    |
|       real                           | hls_x_complex.h:64       |      8 (4 calls)  |                          |
|       real                           | hls_x_complex.h:66       |     16 (4 calls)  |                          |
|       imag                           | hls_x_complex.h:69       |      8 (4 calls)  |                          |
|       imag                           | hls_x_complex.h:71       |     16 (4 calls)  |                          |
|    + operator-                       | hls_x_complex.h:243      |  2,235 (5 calls)  |   13,056 (1280 calls)    |
|     + operator-=                     | hls_x_complex.h:219      |  2,215 (5 calls)  |                          |
|        real                          | hls_x_complex.h:64       |     10 (5 calls)  |                          |
|        imag                          | hls_x_complex.h:69       |     10 (5 calls)  |                          |
|    + operator+                       | hls_x_complex.h:200      |  4,994 (11 calls) |   25,344 (2816 calls)    |
|     + operator+=                     | hls_x_complex.h:178      |  4,895 (11 calls) |                          |
|        real                          | hls_x_complex.h:64       |     22 (11 calls) |                          |
|        imag                          | hls_x_complex.h:69       |     22 (11 calls) |                          |
|    + operator*                       | hls_x_complex.h:119      |  5,464 (4 calls)  |   25,600 (1024 calls)    |
|     + operator*=                     | hls_x_complex.h:95       |  5,448 (4 calls)  |                          |
|        real                          | hls_x_complex.h:64       |     16 (8 calls)  |                          |
|        imag                          | hls_x_complex.h:69       |     16 (8 calls)  |                          |
|        x_complex                     | hls_x_complex.h:48       |     28 (4 calls)  |                          |
|    + compute_b_vector                | step_propagators.cpp:72  | 11,460            | 8,117,504 (256 calls)    |
|     + operator*                      | hls_x_complex.h:119      |  9,562 (7 calls)  | 5,294,592 (196096 calls) |
|      + operator*=                    | hls_x_complex.h:95       |  9,534 (7 calls)  |                          |
|         real                         | hls_x_complex.h:64       |     28 (14 calls) |                          |
|         imag                         | hls_x_complex.h:69       |     28 (14 calls) |                          |
|         x_complex                    | hls_x_complex.h:48       |     49 (7 calls)  |                          |
|     + operator+                      | hls_x_complex.h:200      |  1,816 (4 calls)  | 1,175,040 (130560 calls) |
|      + operator+=                    | hls_x_complex.h:178      |  1,780 (4 calls)  |                          |
|         real                         | hls_x_complex.h:64       |      8 (4 calls)  |                          |
|         imag                         | hls_x_complex.h:69       |      8 (4 calls)  |                          |
|    + custom_thomas_solver            | step_propagators.cpp:31  | 25,257            | 16,747,776 (256 calls)   |
|     + operator/                      | hls_x_complex.h:161      | 16,035 (5 calls)  | 6,397,440 (130560 calls) |
|      + operator/=                    | hls_x_complex.h:139      | 16,015 (5 calls)  | 5,614,080 (130560 calls) |
|         real                         | hls_x_complex.h:64       |     40 (20 calls) |                          |
|         imag                         | hls_x_complex.h:69       |     20 (10 calls) |                          |
|         x_complex                    | hls_x_complex.h:48       |     70 (10 calls) |                          |
|       + operator*                    | hls_x_complex.h:119      | 13,660 (10 calls) |                          |
|        + operator*=                  | hls_x_complex.h:95       | 13,620 (10 calls) |                          |
|           real                       | hls_x_complex.h:64       |     40 (20 calls) |                          |
|           imag                       | hls_x_complex.h:69       |     40 (20 calls) |                          |
|           x_complex                  | hls_x_complex.h:48       |     70 (10 calls) |                          |
|     + operator*                      | hls_x_complex.h:119      |  6,830 (5 calls)  | 4,896,000 (195840 calls) |
|      + operator*=                    | hls_x_complex.h:95       |  6,810 (5 calls)  |                          |
|         real                         | hls_x_complex.h:64       |     20 (10 calls) |                          |
|         imag                         | hls_x_complex.h:69       |     20 (10 calls) |                          |
|         x_complex                    | hls_x_complex.h:48       |     35 (5 calls)  |                          |
|     + operator-                      | hls_x_complex.h:243      |  2,235 (5 calls)  | 1,762,560 (195840 calls) |
|      + operator-=                    | hls_x_complex.h:219      |  2,215 (5 calls)  |                          |
|         real                         | hls_x_complex.h:64       |     10 (5 calls)  |                          |
|         imag                         | hls_x_complex.h:69       |     10 (5 calls)  |                          |
|       operator/=                     | hls_x_complex.h:139      |                   |   11,008 (256 calls)     |
|    + operator/                       | hls_x_complex.h:161      |  6,414 (2 calls)  |   27,136 (512 calls)     |
|     + operator/=                     | hls_x_complex.h:139      |  6,406 (2 calls)  |   23,040 (512 calls)     |
|        real                          | hls_x_complex.h:64       |     16 (8 calls)  |                          |
|        imag                          | hls_x_complex.h:69       |      8 (4 calls)  |                          |
|        x_complex                     | hls_x_complex.h:48       |     28 (4 calls)  |                          |
|      + operator*                     | hls_x_complex.h:119      |  5,464 (4 calls)  |                          |
|       + operator*=                   | hls_x_complex.h:95       |  5,448 (4 calls)  |                          |
|          real                        | hls_x_complex.h:64       |     16 (8 calls)  |                          |
|          imag                        | hls_x_complex.h:69       |     16 (8 calls)  |                          |
|          x_complex                   | hls_x_complex.h:48       |     28 (4 calls)  |                          |
|   + half_nonlin_ops                  | step_propagators.cpp:217 | 112,110 (2 calls) |    1,748 (2 calls)       |
|      real                            | hls_x_complex.h:64       |     16 (8 calls)  |                          |
|      imag                            | hls_x_complex.h:69       |     16 (8 calls)  |                          |
|      operator*=                      | hls_x_complex.h:88       |  1,616 (4 calls)  |                          |
|      x_complex                       | hls_x_complex.h:48       |     14 (2 calls)  |                          |
|    + operator*=                      | hls_x_complex.h:95       |  2,724 (2 calls)  |                          |
|       real                           | hls_x_complex.h:64       |      8 (4 calls)  |                          |
|       imag                           | hls_x_complex.h:69       |      8 (4 calls)  |                          |
|       x_complex                      | hls_x_complex.h:48       |     14 (2 calls)  |                          |
|      exp<64, 32>                     | hls_exp_apfixed.h:13     |                   |      430 (2 calls)       |
|      cordic_circ_apfixed<34, 3, 0... | hls_cordic_apfixed.h:51  |                   |      982 (2 calls)       |
|   + adi_y                            | step_propagators.cpp:156 | 74,384            | 26,339,703               |
|      real                            | hls_x_complex.h:64       |      4 (2 calls)  |                          |
|      imag                            | hls_x_complex.h:69       |      4 (2 calls)  |                          |
|      x_complex                       | hls_x_complex.h:48       |     56 (8 calls)  |                          |
|    + operator-                       | hls_x_complex.h:257      |  1,028 (4 calls)  |    9,216 (1024 calls)    |
|       real                           | hls_x_complex.h:64       |      8 (4 calls)  |                          |
|       real                           | hls_x_complex.h:66       |     16 (4 calls)  |                          |
|       imag                           | hls_x_complex.h:69       |      8 (4 calls)  |                          |
|       imag                           | hls_x_complex.h:71       |     16 (4 calls)  |                          |
|    + operator-                       | hls_x_complex.h:243      |  2,235 (5 calls)  |   13,056 (1280 calls)    |
|     + operator-=                     | hls_x_complex.h:219      |  2,215 (5 calls)  |                          |
|        real                          | hls_x_complex.h:64       |     10 (5 calls)  |                          |
|        imag                          | hls_x_complex.h:69       |     10 (5 calls)  |                          |
|    + operator+                       | hls_x_complex.h:200      |  4,994 (11 calls) |   25,344 (2816 calls)    |
|     + operator+=                     | hls_x_complex.h:178      |  4,895 (11 calls) |                          |
|        real                          | hls_x_complex.h:64       |     22 (11 calls) |                          |
|        imag                          | hls_x_complex.h:69       |     22 (11 calls) |                          |
|    + operator*                       | hls_x_complex.h:119      |  5,464 (4 calls)  |   25,600 (1024 calls)    |
|     + operator*=                     | hls_x_complex.h:95       |  5,448 (4 calls)  |                          |
|        real                          | hls_x_complex.h:64       |     16 (8 calls)  |                          |
|        imag                          | hls_x_complex.h:69       |     16 (8 calls)  |                          |
|        x_complex                     | hls_x_complex.h:48       |     28 (4 calls)  |                          |
|    + compute_b_vector                | step_propagators.cpp:72  | 11,460            | 8,117,504 (256 calls)    |
|     + operator*                      | hls_x_complex.h:119      |  9,562 (7 calls)  | 5,294,592 (196096 calls) |
|      + operator*=                    | hls_x_complex.h:95       |  9,534 (7 calls)  |                          |
|         real                         | hls_x_complex.h:64       |     28 (14 calls) |                          |
|         imag                         | hls_x_complex.h:69       |     28 (14 calls) |                          |
|         x_complex                    | hls_x_complex.h:48       |     49 (7 calls)  |                          |
|     + operator+                      | hls_x_complex.h:200      |  1,816 (4 calls)  | 1,175,040 (130560 calls) |
|      + operator+=                    | hls_x_complex.h:178      |  1,780 (4 calls)  |                          |
|         real                         | hls_x_complex.h:64       |      8 (4 calls)  |                          |
|         imag                         | hls_x_complex.h:69       |      8 (4 calls)  |                          |
|    + custom_thomas_solver            | step_propagators.cpp:31  | 25,257            | 16,747,776 (256 calls)   |
|     + operator/                      | hls_x_complex.h:161      | 16,035 (5 calls)  | 6,397,440 (130560 calls) |
|      + operator/=                    | hls_x_complex.h:139      | 16,015 (5 calls)  | 5,614,080 (130560 calls) |
|         real                         | hls_x_complex.h:64       |     40 (20 calls) |                          |
|         imag                         | hls_x_complex.h:69       |     20 (10 calls) |                          |
|         x_complex                    | hls_x_complex.h:48       |     70 (10 calls) |                          |
|       + operator*                    | hls_x_complex.h:119      | 13,660 (10 calls) |                          |
|        + operator*=                  | hls_x_complex.h:95       | 13,620 (10 calls) |                          |
|           real                       | hls_x_complex.h:64       |     40 (20 calls) |                          |
|           imag                       | hls_x_complex.h:69       |     40 (20 calls) |                          |
|           x_complex                  | hls_x_complex.h:48       |     70 (10 calls) |                          |
|     + operator*                      | hls_x_complex.h:119      |  6,830 (5 calls)  | 4,896,000 (195840 calls) |
|      + operator*=                    | hls_x_complex.h:95       |  6,810 (5 calls)  |                          |
|         real                         | hls_x_complex.h:64       |     20 (10 calls) |                          |
|         imag                         | hls_x_complex.h:69       |     20 (10 calls) |                          |
|         x_complex                    | hls_x_complex.h:48       |     35 (5 calls)  |                          |
|     + operator-                      | hls_x_complex.h:243      |  2,235 (5 calls)  | 1,762,560 (195840 calls) |
|      + operator-=                    | hls_x_complex.h:219      |  2,215 (5 calls)  |                          |
|         real                         | hls_x_complex.h:64       |     10 (5 calls)  |                          |
|         imag                         | hls_x_complex.h:69       |     10 (5 calls)  |                          |
|       operator/=                     | hls_x_complex.h:139      |                   |   11,008 (256 calls)     |
|    + operator/                       | hls_x_complex.h:161      |  6,414 (2 calls)  |   27,136 (512 calls)     |
|     + operator/=                     | hls_x_complex.h:139      |  6,406 (2 calls)  |   23,040 (512 calls)     |
|        real                          | hls_x_complex.h:64       |     16 (8 calls)  |                          |
|        imag                          | hls_x_complex.h:69       |      8 (4 calls)  |                          |
|        x_complex                     | hls_x_complex.h:48       |     28 (4 calls)  |                          |
|      + operator*                     | hls_x_complex.h:119      |  5,464 (4 calls)  |                          |
|       + operator*=                   | hls_x_complex.h:95       |  5,448 (4 calls)  |                          |
|          real                        | hls_x_complex.h:64       |     16 (8 calls)  |                          |
|          imag                        | hls_x_complex.h:69       |     16 (8 calls)  |                          |
|          x_complex                   | hls_x_complex.h:48       |     28 (4 calls)  |                          |
+--------------------------------------+--------------------------+-------------------+--------------------------+
    * - Exceeded design size warning message threshold

* Design Size Message Settings
+---------------------------------------------+--------+------------------------------------------------------------------+
| Message Setting                             | Value  | Description                                                      |
+---------------------------------------------+--------+------------------------------------------------------------------+
| config_compile -design_size_maximum_warning | 100000 | Show a warning when total design instructions exceeds this value |
+---------------------------------------------+--------+------------------------------------------------------------------+


